// Vitest Snapshot v1, https://vitest.dev/guide/snapshot.html

exports[`Simple Test Suite > matches snapshot 1`] = `
<div>
  <div>
    Hello Test
  </div>
</div>
`;
